log ..
